Archive member included because of file (symbol)

c:/imt-interfacing/imt_sdk_win_64/winavr/bin/../lib/gcc/avr/4.3.3/avr5\libgcc.a(_exit.o)
                              c:/imt-interfacing/imt_sdk_win_64/winavr/bin/../lib/gcc/avr/4.3.3/../../../../avr/lib/avr5/crtm32.o (exit)
c:/imt-interfacing/imt_sdk_win_64/winavr/bin/../lib/gcc/avr/4.3.3/avr5\libgcc.a(_clear_bss.o)
                              ./EXTI_program.o (__do_clear_bss)

Memory Configuration

Name             Origin             Length             Attributes
text             0x00000000         0x00020000         xr
data             0x00800060         0x0000ffa0         rw !x
eeprom           0x00810000         0x00010000         rw !x
fuse             0x00820000         0x00000400         rw !x
lock             0x00830000         0x00000400         rw !x
signature        0x00840000         0x00000400         rw !x
*default*        0x00000000         0xffffffff

Linker script and memory map

LOAD c:/imt-interfacing/imt_sdk_win_64/winavr/bin/../lib/gcc/avr/4.3.3/../../../../avr/lib/avr5/crtm32.o
LOAD ./EXTI_program.o
LOAD ./GPIO_program.o
LOAD ./main.o
LOAD c:/imt-interfacing/imt_sdk_win_64/winavr/bin/../lib/gcc/avr/4.3.3/avr5\libgcc.a
LOAD c:/imt-interfacing/imt_sdk_win_64/winavr/bin/../lib/gcc/avr/4.3.3/../../../../avr/lib/avr5\libc.a
LOAD c:/imt-interfacing/imt_sdk_win_64/winavr/bin/../lib/gcc/avr/4.3.3/avr5\libgcc.a

.hash
 *(.hash)

.dynsym
 *(.dynsym)

.dynstr
 *(.dynstr)

.gnu.version
 *(.gnu.version)

.gnu.version_d
 *(.gnu.version_d)

.gnu.version_r
 *(.gnu.version_r)

.rel.init
 *(.rel.init)

.rela.init
 *(.rela.init)

.rel.text
 *(.rel.text)
 *(.rel.text.*)
 *(.rel.gnu.linkonce.t*)

.rela.text
 *(.rela.text)
 *(.rela.text.*)
 *(.rela.gnu.linkonce.t*)

.rel.fini
 *(.rel.fini)

.rela.fini
 *(.rela.fini)

.rel.rodata
 *(.rel.rodata)
 *(.rel.rodata.*)
 *(.rel.gnu.linkonce.r*)

.rela.rodata
 *(.rela.rodata)
 *(.rela.rodata.*)
 *(.rela.gnu.linkonce.r*)

.rel.data
 *(.rel.data)
 *(.rel.data.*)
 *(.rel.gnu.linkonce.d*)

.rela.data
 *(.rela.data)
 *(.rela.data.*)
 *(.rela.gnu.linkonce.d*)

.rel.ctors
 *(.rel.ctors)

.rela.ctors
 *(.rela.ctors)

.rel.dtors
 *(.rel.dtors)

.rela.dtors
 *(.rela.dtors)

.rel.got
 *(.rel.got)

.rela.got
 *(.rela.got)

.rel.bss
 *(.rel.bss)

.rela.bss
 *(.rela.bss)

.rel.plt
 *(.rel.plt)

.rela.plt
 *(.rela.plt)

.text           0x00000000      0xb7e
 *(.vectors)
 .vectors       0x00000000       0x54 c:/imt-interfacing/imt_sdk_win_64/winavr/bin/../lib/gcc/avr/4.3.3/../../../../avr/lib/avr5/crtm32.o
                0x00000000                __vectors
                0x00000000                __vector_default
 *(.vectors)
 *(.progmem.gcc*)
 *(.progmem*)
                0x00000054                . = ALIGN (0x2)
                0x00000054                __trampolines_start = .
 *(.trampolines)
 .trampolines   0x00000054        0x0 linker stubs
 *(.trampolines*)
                0x00000054                __trampolines_end = .
 *(.jumptables)
 *(.jumptables*)
 *(.lowtext)
 *(.lowtext*)
                0x00000054                __ctors_start = .
 *(.ctors)
                0x00000054                __ctors_end = .
                0x00000054                __dtors_start = .
 *(.dtors)
                0x00000054                __dtors_end = .
 SORT(*)(.ctors)
 SORT(*)(.dtors)
 *(.init0)
 .init0         0x00000054        0x0 c:/imt-interfacing/imt_sdk_win_64/winavr/bin/../lib/gcc/avr/4.3.3/../../../../avr/lib/avr5/crtm32.o
                0x00000054                __init
 *(.init0)
 *(.init1)
 *(.init1)
 *(.init2)
 .init2         0x00000054        0xc c:/imt-interfacing/imt_sdk_win_64/winavr/bin/../lib/gcc/avr/4.3.3/../../../../avr/lib/avr5/crtm32.o
 *(.init2)
 *(.init3)
 *(.init3)
 *(.init4)
 .init4         0x00000060       0x10 c:/imt-interfacing/imt_sdk_win_64/winavr/bin/../lib/gcc/avr/4.3.3/avr5\libgcc.a(_clear_bss.o)
                0x00000060                __do_clear_bss
 *(.init4)
 *(.init5)
 *(.init5)
 *(.init6)
 *(.init6)
 *(.init7)
 *(.init7)
 *(.init8)
 *(.init8)
 *(.init9)
 .init9         0x00000070        0x8 c:/imt-interfacing/imt_sdk_win_64/winavr/bin/../lib/gcc/avr/4.3.3/../../../../avr/lib/avr5/crtm32.o
 *(.init9)
 *(.text)
 .text          0x00000078        0x4 c:/imt-interfacing/imt_sdk_win_64/winavr/bin/../lib/gcc/avr/4.3.3/../../../../avr/lib/avr5/crtm32.o
                0x00000078                __vector_12
                0x00000078                __bad_interrupt
                0x00000078                __vector_6
                0x00000078                __vector_11
                0x00000078                __vector_13
                0x00000078                __vector_17
                0x00000078                __vector_19
                0x00000078                __vector_7
                0x00000078                __vector_5
                0x00000078                __vector_4
                0x00000078                __vector_9
                0x00000078                __vector_15
                0x00000078                __vector_8
                0x00000078                __vector_14
                0x00000078                __vector_10
                0x00000078                __vector_16
                0x00000078                __vector_18
                0x00000078                __vector_20
 .text          0x0000007c        0x0 ./EXTI_program.o
 .text          0x0000007c        0x0 ./GPIO_program.o
 .text          0x0000007c        0x0 ./main.o
 .text          0x0000007c        0x0 c:/imt-interfacing/imt_sdk_win_64/winavr/bin/../lib/gcc/avr/4.3.3/avr5\libgcc.a(_exit.o)
 .text          0x0000007c        0x0 c:/imt-interfacing/imt_sdk_win_64/winavr/bin/../lib/gcc/avr/4.3.3/avr5\libgcc.a(_clear_bss.o)
                0x0000007c                . = ALIGN (0x2)
 *(.text.*)
 .text.GIE_voidEnable
                0x0000007c       0x1c ./EXTI_program.o
                0x0000007c                GIE_voidEnable
 .text.GIE_voidDisable
                0x00000098       0x1c ./EXTI_program.o
                0x00000098                GIE_voidDisable
 .text.EXTI_voidInt0init
                0x000000b4      0x108 ./EXTI_program.o
                0x000000b4                EXTI_voidInt0init
 .text.EXTI_voidInt1init
                0x000001bc      0x108 ./EXTI_program.o
                0x000001bc                EXTI_voidInt1init
 .text.EXTI_voidInt2init
                0x000002c4       0x74 ./EXTI_program.o
                0x000002c4                EXTI_voidInt2init
 .text.EXTI_u8INT0SetCallBack
                0x00000338       0x3a ./EXTI_program.o
                0x00000338                EXTI_u8INT0SetCallBack
 .text.EXTI_u8INT1SetCallBack
                0x00000372       0x3a ./EXTI_program.o
                0x00000372                EXTI_u8INT1SetCallBack
 .text.EXTI_u8INT2SetCallBack
                0x000003ac       0x3a ./EXTI_program.o
                0x000003ac                EXTI_u8INT2SetCallBack
 .text.__vector_1
                0x000003e6       0x5a ./EXTI_program.o
                0x000003e6                __vector_1
 .text.__vector_2
                0x00000440       0x5a ./EXTI_program.o
                0x00000440                __vector_2
 .text.__vector_3
                0x0000049a       0x5a ./EXTI_program.o
                0x0000049a                __vector_3
 .text.DIO_u8SetPinDirection
                0x000004f4      0x224 ./GPIO_program.o
                0x000004f4                DIO_u8SetPinDirection
 .text.DIO_u8SetPortDirection
                0x00000718       0x8a ./GPIO_program.o
                0x00000718                DIO_u8SetPortDirection
 .text.DIO_u8SetPinValue
                0x000007a2      0x224 ./GPIO_program.o
                0x000007a2                DIO_u8SetPinValue
 .text.DIO_u8SetPortValue
                0x000009c6       0x8a ./GPIO_program.o
                0x000009c6                DIO_u8SetPortValue
 .text.DIO_u8GetPinValue
                0x00000a50       0xb0 ./GPIO_program.o
                0x00000a50                DIO_u8GetPinValue
 .text.main     0x00000b00       0x3c ./main.o
                0x00000b00                main
 .text.INT0_ISR
                0x00000b3c        0xe ./main.o
                0x00000b3c                INT0_ISR
 .text.INT1_ISR
                0x00000b4a        0xe ./main.o
                0x00000b4a                INT1_ISR
 .text.INT2_ISR
                0x00000b58       0x22 ./main.o
                0x00000b58                INT2_ISR
 .text.libgcc   0x00000b7a        0x0 c:/imt-interfacing/imt_sdk_win_64/winavr/bin/../lib/gcc/avr/4.3.3/avr5\libgcc.a(_exit.o)
 .text.libgcc   0x00000b7a        0x0 c:/imt-interfacing/imt_sdk_win_64/winavr/bin/../lib/gcc/avr/4.3.3/avr5\libgcc.a(_clear_bss.o)
                0x00000b7a                . = ALIGN (0x2)
 *(.fini9)
 .fini9         0x00000b7a        0x0 c:/imt-interfacing/imt_sdk_win_64/winavr/bin/../lib/gcc/avr/4.3.3/avr5\libgcc.a(_exit.o)
                0x00000b7a                exit
                0x00000b7a                _exit
 *(.fini9)
 *(.fini8)
 *(.fini8)
 *(.fini7)
 *(.fini7)
 *(.fini6)
 *(.fini6)
 *(.fini5)
 *(.fini5)
 *(.fini4)
 *(.fini4)
 *(.fini3)
 *(.fini3)
 *(.fini2)
 *(.fini2)
 *(.fini1)
 *(.fini1)
 *(.fini0)
 .fini0         0x00000b7a        0x4 c:/imt-interfacing/imt_sdk_win_64/winavr/bin/../lib/gcc/avr/4.3.3/avr5\libgcc.a(_exit.o)
 *(.fini0)
                0x00000b7e                _etext = .

.data           0x00800060        0x0 load address 0x00000b7e
                0x00800060                PROVIDE (__data_start, .)
 *(.data)
 .data          0x00800060        0x0 c:/imt-interfacing/imt_sdk_win_64/winavr/bin/../lib/gcc/avr/4.3.3/../../../../avr/lib/avr5/crtm32.o
 .data          0x00800060        0x0 ./EXTI_program.o
 .data          0x00800060        0x0 ./GPIO_program.o
 .data          0x00800060        0x0 ./main.o
 .data          0x00800060        0x0 c:/imt-interfacing/imt_sdk_win_64/winavr/bin/../lib/gcc/avr/4.3.3/avr5\libgcc.a(_exit.o)
 .data          0x00800060        0x0 c:/imt-interfacing/imt_sdk_win_64/winavr/bin/../lib/gcc/avr/4.3.3/avr5\libgcc.a(_clear_bss.o)
 *(.data*)
 *(.rodata)
 *(.rodata*)
 *(.gnu.linkonce.d*)
                0x00800060                . = ALIGN (0x2)
                0x00800060                _edata = .
                0x00800060                PROVIDE (__data_end, .)

.bss            0x00800060        0x6
                0x00800060                PROVIDE (__bss_start, .)
 *(.bss)
 .bss           0x00800060        0x0 c:/imt-interfacing/imt_sdk_win_64/winavr/bin/../lib/gcc/avr/4.3.3/../../../../avr/lib/avr5/crtm32.o
 .bss           0x00800060        0x0 ./EXTI_program.o
 .bss           0x00800060        0x0 ./GPIO_program.o
 .bss           0x00800060        0x0 ./main.o
 .bss           0x00800060        0x0 c:/imt-interfacing/imt_sdk_win_64/winavr/bin/../lib/gcc/avr/4.3.3/avr5\libgcc.a(_exit.o)
 .bss           0x00800060        0x0 c:/imt-interfacing/imt_sdk_win_64/winavr/bin/../lib/gcc/avr/4.3.3/avr5\libgcc.a(_clear_bss.o)
 *(.bss*)
 .bss.EXTI_pvInt0
                0x00800060        0x2 ./EXTI_program.o
                0x00800060                EXTI_pvInt0
 .bss.EXTI_pvInt1
                0x00800062        0x2 ./EXTI_program.o
                0x00800062                EXTI_pvInt1
 .bss.EXTI_pvInt2
                0x00800064        0x2 ./EXTI_program.o
                0x00800064                EXTI_pvInt2
 *(COMMON)
                0x00800066                PROVIDE (__bss_end, .)
                0x00000b7e                __data_load_start = LOADADDR (.data)
                0x00000b7e                __data_load_end = (__data_load_start + SIZEOF (.data))

.noinit         0x00800066        0x0
                0x00800066                PROVIDE (__noinit_start, .)
 *(.noinit*)
                0x00800066                PROVIDE (__noinit_end, .)
                0x00800066                _end = .
                0x00800066                PROVIDE (__heap_start, .)

.eeprom         0x00810000        0x0
 *(.eeprom*)
                0x00810000                __eeprom_end = .

.fuse
 *(.fuse)
 *(.lfuse)
 *(.hfuse)
 *(.efuse)

.lock
 *(.lock*)

.signature
 *(.signature*)

.stab           0x00000000      0xde0
 *(.stab)
 .stab          0x00000000      0x624 ./EXTI_program.o
 .stab          0x00000624      0x5d0 ./GPIO_program.o
                                0x648 (size before relaxing)
 .stab          0x00000bf4      0x1ec ./main.o
                                0x264 (size before relaxing)

.stabstr        0x00000000      0x608
 *(.stabstr)
 .stabstr       0x00000000      0x608 ./EXTI_program.o

.stab.excl
 *(.stab.excl)

.stab.exclstr
 *(.stab.exclstr)

.stab.index
 *(.stab.index)

.stab.indexstr
 *(.stab.indexstr)

.comment
 *(.comment)

.debug
 *(.debug)

.line
 *(.line)

.debug_srcinfo
 *(.debug_srcinfo)

.debug_sfnames
 *(.debug_sfnames)

.debug_aranges
 *(.debug_aranges)

.debug_pubnames
 *(.debug_pubnames)

.debug_info
 *(.debug_info)
 *(.gnu.linkonce.wi.*)

.debug_abbrev
 *(.debug_abbrev)

.debug_line
 *(.debug_line)

.debug_frame
 *(.debug_frame)

.debug_str
 *(.debug_str)

.debug_loc
 *(.debug_loc)

.debug_macinfo
 *(.debug_macinfo)
OUTPUT(EXTI_Driver.elf elf32-avr)
LOAD linker stubs
